// Jest Snapshot v1, https://goo.gl/fbAQLP

exports[`the component renders with defaults 1`] = `
.css-vp4bp7,
[data-css-vp4bp7] {
  text-align: center;
  display: inline-block;
  margin-bottom: 0px;
  font-size: 14px;
  font-weight: 400;
  line-height: 1.4;
  padding: 6px 12px;
  cursor: pointer;
  border-radius: 4px;
  color: #fff;
  background-color: #337ab7;
  border-color: #285f8f;
}

<button
  class="css-vp4bp7"
  data-test="button"
>
  I am child
</button>
`;
